// Jest Snapshot v1, https://goo.gl/fbAQLP

exports[`renders correctly 1`] = `
<html
  id="html-id"
  lang="en"
>
  <head>
    <title>
      title
    </title>
    <meta
      charSet="utf-8"
    />
    <meta
      content="A varan react starter app"
      name="description"
    />
    <noscript>
      javascript is required
    </noscript>
    <base
      href="http://example.com/"
      target="_blank"
    />
    <link
      href="manifest.json"
      rel="manifest"
    />
    <link
      href="style.css"
      rel="stylesheet"
    />
    <link
      data-react-helmet="true"
      href="favicon.ico"
      rel="icon"
    />
    <link
      as="script"
      href="jsfile.js"
      rel="preload"
    />
    <link
      as="style"
      href="cssfile.css"
      rel="preload"
    />
    <link
      as="image"
      crossOrigin="anonymous"
      href="imgfile.png"
      rel="preload"
    />
    <link
      href="main.css"
      rel="stylesheet"
    />
    <link
      href="extra.css"
      rel="stylesheet"
    />
    <style>
      html { background-color: red; }
    </style>
    <script
      id="somescript"
      type="text/javascript"
    >
      window.asd = true;
    </script>
  </head>
  <body
    id="body-id"
  >
    <div
      dangerouslySetInnerHTML={
        Object {
          "__html": <p>
            the html body
          </p>,
        }
      }
      id="root"
    />
    <script
      dangerouslySetInnerHTML={
        Object {
          "__html": "window.__INITIAL_REDUX_STATE__ = {}",
        }
      }
      id="initial-state"
      type="text/javascript"
    />
    <script
      defer={true}
      src="main.js"
      type="text/javascript"
    />
    <script
      defer={true}
      src="extra.js"
      type="text/javascript"
    />
  </body>
</html>
`;
